PPO_nodes1-2-3_seed123 8192 11
PPO_nodes1-2-3_seed123 16384 20
PPO_nodes1-2-3_seed123 24576 29
PPO_nodes1-2-3_seed123 32768 38
PPO_nodes1-2-3_seed123 40960 46
PPO_nodes1-2-3_seed123 49152 56
PPO_nodes1-2-3_seed123 57344 65
PPO_nodes1-2-3_seed123 65536 74
PPO_nodes1-2-3_seed123 73728 83
PPO_nodes1-2-3_seed123 81920 92
PPO_nodes1-2-3_seed123 90112 100
PPO_nodes1-2-3_seed123 98304 109
PPO_nodes1-2-3_seed123 106496 117
PPO_nodes1-2-3_seed123 114688 126
PPO_nodes1-2-3_seed123 122880 134
PPO_nodes1-2-3_seed123 131072 143
PPO_nodes1-2-3_seed123 139264 151
PPO_nodes1-2-3_seed123 147456 159
PPO_nodes1-2-3_seed123 155648 168
PPO_nodes1-2-3_seed123 163840 175
PPO_nodes1-2-3_seed123 172032 184
PPO_nodes1-2-3_seed123 180224 192
PPO_nodes1-2-3_seed123 188416 200
PPO_nodes1-2-3_seed123 196608 208
PPO_nodes1-2-3_seed123 204800 216
PPO_nodes1-2-3_seed123 212992 224
PPO_nodes1-2-3_seed123 221184 232
PPO_nodes1-2-3_seed123 229376 240
PPO_nodes1-2-3_seed123 237568 248
PPO_nodes1-2-3_seed123 245760 255
PPO_nodes1-2-3_seed123 253952 263
PPO_nodes1-2-3_seed123 262144 271
PPO_nodes1-2-3_seed123 270336 279
PPO_nodes1-2-3_seed123 278528 287
PPO_nodes1-2-3_seed123 286720 295
PPO_nodes1-2-3_seed123 294912 303
PPO_nodes1-2-3_seed123 303104 311
PPO_nodes1-2-3_seed123 311296 319
PPO_nodes1-2-3_seed123 319488 327
PPO_nodes1-2-3_seed123 327680 335
PPO_nodes1-2-3_seed123 335872 343
PPO_nodes1-2-3_seed123 344064 351
PPO_nodes1-2-3_seed123 352256 359
PPO_nodes1-2-3_seed123 360448 367
PPO_nodes1-2-3_seed123 368640 375
PPO_nodes1-2-3_seed123 376832 383
PPO_nodes1-2-3_seed123 385024 390
PPO_nodes1-2-3_seed123 393216 398
PPO_nodes1-2-3_seed123 401408 406
Saved E:\project\Synchronize\models\hopfield\revision_comparisons\PPO_nodes1-2-3_seed123.zip
