PPO_nodes1-3_seed123 8192 11
PPO_nodes1-3_seed123 16384 18
PPO_nodes1-3_seed123 24576 26
PPO_nodes1-3_seed123 32768 34
PPO_nodes1-3_seed123 40960 42
PPO_nodes1-3_seed123 49152 50
PPO_nodes1-3_seed123 57344 58
PPO_nodes1-3_seed123 65536 66
PPO_nodes1-3_seed123 73728 74
PPO_nodes1-3_seed123 81920 82
PPO_nodes1-3_seed123 90112 90
PPO_nodes1-3_seed123 98304 98
PPO_nodes1-3_seed123 106496 106
PPO_nodes1-3_seed123 114688 114
PPO_nodes1-3_seed123 122880 122
PPO_nodes1-3_seed123 131072 130
PPO_nodes1-3_seed123 139264 138
PPO_nodes1-3_seed123 147456 146
PPO_nodes1-3_seed123 155648 154
PPO_nodes1-3_seed123 163840 162
PPO_nodes1-3_seed123 172032 170
PPO_nodes1-3_seed123 180224 178
PPO_nodes1-3_seed123 188416 186
PPO_nodes1-3_seed123 196608 194
PPO_nodes1-3_seed123 204800 202
PPO_nodes1-3_seed123 212992 210
PPO_nodes1-3_seed123 221184 218
PPO_nodes1-3_seed123 229376 225
PPO_nodes1-3_seed123 237568 235
PPO_nodes1-3_seed123 245760 244
PPO_nodes1-3_seed123 253952 253
PPO_nodes1-3_seed123 262144 263
PPO_nodes1-3_seed123 270336 272
PPO_nodes1-3_seed123 278528 281
PPO_nodes1-3_seed123 286720 290
PPO_nodes1-3_seed123 294912 299
PPO_nodes1-3_seed123 303104 308
PPO_nodes1-3_seed123 311296 318
PPO_nodes1-3_seed123 319488 327
PPO_nodes1-3_seed123 327680 336
PPO_nodes1-3_seed123 335872 345
PPO_nodes1-3_seed123 344064 355
PPO_nodes1-3_seed123 352256 364
PPO_nodes1-3_seed123 360448 374
PPO_nodes1-3_seed123 368640 383
PPO_nodes1-3_seed123 376832 392
PPO_nodes1-3_seed123 385024 402
PPO_nodes1-3_seed123 393216 411
PPO_nodes1-3_seed123 401408 420
Saved E:\project\Synchronize\models\hopfield\revision_comparisons\PPO_nodes1-3_seed123.zip
