PPO_nodes1-2_seed1024 8192 10
PPO_nodes1-2_seed1024 16384 17
PPO_nodes1-2_seed1024 24576 26
PPO_nodes1-2_seed1024 32768 34
PPO_nodes1-2_seed1024 40960 42
PPO_nodes1-2_seed1024 49152 50
PPO_nodes1-2_seed1024 57344 58
PPO_nodes1-2_seed1024 65536 66
PPO_nodes1-2_seed1024 73728 74
PPO_nodes1-2_seed1024 81920 83
PPO_nodes1-2_seed1024 90112 91
PPO_nodes1-2_seed1024 98304 99
PPO_nodes1-2_seed1024 106496 109
PPO_nodes1-2_seed1024 114688 118
PPO_nodes1-2_seed1024 122880 128
PPO_nodes1-2_seed1024 131072 137
PPO_nodes1-2_seed1024 139264 146
PPO_nodes1-2_seed1024 147456 155
PPO_nodes1-2_seed1024 155648 164
PPO_nodes1-2_seed1024 163840 172
PPO_nodes1-2_seed1024 172032 180
PPO_nodes1-2_seed1024 180224 188
PPO_nodes1-2_seed1024 188416 196
PPO_nodes1-2_seed1024 196608 204
PPO_nodes1-2_seed1024 204800 212
PPO_nodes1-2_seed1024 212992 220
PPO_nodes1-2_seed1024 221184 228
PPO_nodes1-2_seed1024 229376 235
PPO_nodes1-2_seed1024 237568 243
PPO_nodes1-2_seed1024 245760 251
PPO_nodes1-2_seed1024 253952 258
PPO_nodes1-2_seed1024 262144 265
PPO_nodes1-2_seed1024 270336 272
PPO_nodes1-2_seed1024 278528 279
PPO_nodes1-2_seed1024 286720 286
PPO_nodes1-2_seed1024 294912 293
PPO_nodes1-2_seed1024 303104 300
PPO_nodes1-2_seed1024 311296 307
PPO_nodes1-2_seed1024 319488 314
PPO_nodes1-2_seed1024 327680 321
PPO_nodes1-2_seed1024 335872 328
PPO_nodes1-2_seed1024 344064 335
PPO_nodes1-2_seed1024 352256 342
PPO_nodes1-2_seed1024 360448 349
PPO_nodes1-2_seed1024 368640 355
PPO_nodes1-2_seed1024 376832 362
PPO_nodes1-2_seed1024 385024 369
PPO_nodes1-2_seed1024 393216 376
PPO_nodes1-2_seed1024 401408 383
Saved E:\project\Synchronize\models\hopfield\revision_comparisons\PPO_nodes1-2_seed1024.zip
