PPO_nodes1-2_seed123 8192 11
PPO_nodes1-2_seed123 16384 18
PPO_nodes1-2_seed123 24576 26
PPO_nodes1-2_seed123 32768 34
PPO_nodes1-2_seed123 40960 42
PPO_nodes1-2_seed123 49152 50
PPO_nodes1-2_seed123 57344 58
PPO_nodes1-2_seed123 65536 66
PPO_nodes1-2_seed123 73728 74
PPO_nodes1-2_seed123 81920 82
PPO_nodes1-2_seed123 90112 90
PPO_nodes1-2_seed123 98304 98
PPO_nodes1-2_seed123 106496 106
PPO_nodes1-2_seed123 114688 114
PPO_nodes1-2_seed123 122880 122
PPO_nodes1-2_seed123 131072 130
PPO_nodes1-2_seed123 139264 138
PPO_nodes1-2_seed123 147456 145
PPO_nodes1-2_seed123 155648 154
PPO_nodes1-2_seed123 163840 162
PPO_nodes1-2_seed123 172032 170
PPO_nodes1-2_seed123 180224 177
PPO_nodes1-2_seed123 188416 185
PPO_nodes1-2_seed123 196608 193
PPO_nodes1-2_seed123 204800 201
PPO_nodes1-2_seed123 212992 209
PPO_nodes1-2_seed123 221184 217
PPO_nodes1-2_seed123 229376 225
PPO_nodes1-2_seed123 237568 233
PPO_nodes1-2_seed123 245760 243
PPO_nodes1-2_seed123 253952 252
PPO_nodes1-2_seed123 262144 261
PPO_nodes1-2_seed123 270336 271
PPO_nodes1-2_seed123 278528 279
PPO_nodes1-2_seed123 286720 289
PPO_nodes1-2_seed123 294912 298
PPO_nodes1-2_seed123 303104 307
PPO_nodes1-2_seed123 311296 316
PPO_nodes1-2_seed123 319488 325
PPO_nodes1-2_seed123 327680 334
PPO_nodes1-2_seed123 335872 343
PPO_nodes1-2_seed123 344064 353
PPO_nodes1-2_seed123 352256 362
PPO_nodes1-2_seed123 360448 371
PPO_nodes1-2_seed123 368640 381
PPO_nodes1-2_seed123 376832 390
PPO_nodes1-2_seed123 385024 399
PPO_nodes1-2_seed123 393216 409
PPO_nodes1-2_seed123 401408 417
Saved E:\project\Synchronize\models\hopfield\revision_comparisons\PPO_nodes1-2_seed123.zip
