SAC_nodes2_seed123 8192 39
SAC_nodes2_seed123 16384 123
SAC_nodes2_seed123 24576 207
SAC_nodes2_seed123 32768 299
SAC_nodes2_seed123 40960 394
SAC_nodes2_seed123 49152 487
SAC_nodes2_seed123 57344 576
SAC_nodes2_seed123 65536 660
SAC_nodes2_seed123 73728 742
SAC_nodes2_seed123 81920 825
SAC_nodes2_seed123 90112 909
SAC_nodes2_seed123 98304 1000
SAC_nodes2_seed123 106496 1082
SAC_nodes2_seed123 114688 1155
SAC_nodes2_seed123 122880 1226
SAC_nodes2_seed123 131072 1294
SAC_nodes2_seed123 139264 1362
SAC_nodes2_seed123 147456 1436
SAC_nodes2_seed123 155648 1516
SAC_nodes2_seed123 163840 1598
SAC_nodes2_seed123 172032 1688
SAC_nodes2_seed123 180224 1790
SAC_nodes2_seed123 188416 1882
SAC_nodes2_seed123 196608 1972
SAC_nodes2_seed123 204800 2056
SAC_nodes2_seed123 212992 2139
SAC_nodes2_seed123 221184 2222
SAC_nodes2_seed123 229376 2305
SAC_nodes2_seed123 237568 2389
SAC_nodes2_seed123 245760 2474
SAC_nodes2_seed123 253952 2558
SAC_nodes2_seed123 262144 2640
SAC_nodes2_seed123 270336 2714
SAC_nodes2_seed123 278528 2783
SAC_nodes2_seed123 286720 2854
SAC_nodes2_seed123 294912 2927
SAC_nodes2_seed123 303104 3010
SAC_nodes2_seed123 311296 3093
SAC_nodes2_seed123 319488 3175
SAC_nodes2_seed123 327680 3259
SAC_nodes2_seed123 335872 3340
SAC_nodes2_seed123 344064 3423
SAC_nodes2_seed123 352256 3508
SAC_nodes2_seed123 360448 3591
SAC_nodes2_seed123 368640 3675
SAC_nodes2_seed123 376832 3759
SAC_nodes2_seed123 385024 3843
SAC_nodes2_seed123 393216 3927
SAC_nodes2_seed123 401408 4008
Saved E:\project\Synchronize\models\hopfield\revision_comparisons\SAC_nodes2_seed123.zip
