SAC_nodes3_seed123 8192 42
SAC_nodes3_seed123 16384 133
SAC_nodes3_seed123 24576 218
SAC_nodes3_seed123 32768 300
SAC_nodes3_seed123 40960 383
SAC_nodes3_seed123 49152 466
SAC_nodes3_seed123 57344 556
SAC_nodes3_seed123 65536 641
SAC_nodes3_seed123 73728 715
SAC_nodes3_seed123 81920 785
SAC_nodes3_seed123 90112 853
SAC_nodes3_seed123 98304 921
SAC_nodes3_seed123 106496 991
SAC_nodes3_seed123 114688 1069
SAC_nodes3_seed123 122880 1152
SAC_nodes3_seed123 131072 1238
SAC_nodes3_seed123 139264 1335
SAC_nodes3_seed123 147456 1431
SAC_nodes3_seed123 155648 1523
SAC_nodes3_seed123 163840 1609
SAC_nodes3_seed123 172032 1692
SAC_nodes3_seed123 180224 1775
SAC_nodes3_seed123 188416 1859
SAC_nodes3_seed123 196608 1943
SAC_nodes3_seed123 204800 2028
SAC_nodes3_seed123 212992 2112
SAC_nodes3_seed123 221184 2195
SAC_nodes3_seed123 229376 2271
SAC_nodes3_seed123 237568 2341
SAC_nodes3_seed123 245760 2409
SAC_nodes3_seed123 253952 2479
SAC_nodes3_seed123 262144 2562
SAC_nodes3_seed123 270336 2646
SAC_nodes3_seed123 278528 2727
SAC_nodes3_seed123 286720 2811
SAC_nodes3_seed123 294912 2894
SAC_nodes3_seed123 303104 2977
SAC_nodes3_seed123 311296 3061
SAC_nodes3_seed123 319488 3145
SAC_nodes3_seed123 327680 3230
SAC_nodes3_seed123 335872 3313
SAC_nodes3_seed123 344064 3397
SAC_nodes3_seed123 352256 3482
SAC_nodes3_seed123 360448 3567
SAC_nodes3_seed123 368640 3633
SAC_nodes3_seed123 376832 3695
SAC_nodes3_seed123 385024 3755
SAC_nodes3_seed123 393216 3814
SAC_nodes3_seed123 401408 3869
Saved E:\project\Synchronize\models\hopfield\revision_comparisons\SAC_nodes3_seed123.zip
