SAC_nodes3_seed42 8192 39
SAC_nodes3_seed42 16384 124
SAC_nodes3_seed42 24576 207
SAC_nodes3_seed42 32768 299
SAC_nodes3_seed42 40960 395
SAC_nodes3_seed42 49152 488
SAC_nodes3_seed42 57344 578
SAC_nodes3_seed42 65536 662
SAC_nodes3_seed42 73728 745
SAC_nodes3_seed42 81920 828
SAC_nodes3_seed42 90112 913
SAC_nodes3_seed42 98304 1005
SAC_nodes3_seed42 106496 1087
SAC_nodes3_seed42 114688 1160
SAC_nodes3_seed42 122880 1231
SAC_nodes3_seed42 131072 1300
SAC_nodes3_seed42 139264 1369
SAC_nodes3_seed42 147456 1445
SAC_nodes3_seed42 155648 1526
SAC_nodes3_seed42 163840 1608
SAC_nodes3_seed42 172032 1700
SAC_nodes3_seed42 180224 1803
SAC_nodes3_seed42 188416 1896
SAC_nodes3_seed42 196608 1985
SAC_nodes3_seed42 204800 2069
SAC_nodes3_seed42 212992 2153
SAC_nodes3_seed42 221184 2237
SAC_nodes3_seed42 229376 2321
SAC_nodes3_seed42 237568 2406
SAC_nodes3_seed42 245760 2490
SAC_nodes3_seed42 253952 2574
SAC_nodes3_seed42 262144 2658
SAC_nodes3_seed42 270336 2728
SAC_nodes3_seed42 278528 2798
SAC_nodes3_seed42 286720 2869
SAC_nodes3_seed42 294912 2946
SAC_nodes3_seed42 303104 3030
SAC_nodes3_seed42 311296 3114
SAC_nodes3_seed42 319488 3196
SAC_nodes3_seed42 327680 3280
SAC_nodes3_seed42 335872 3363
SAC_nodes3_seed42 344064 3446
SAC_nodes3_seed42 352256 3531
SAC_nodes3_seed42 360448 3615
SAC_nodes3_seed42 368640 3700
SAC_nodes3_seed42 376832 3784
SAC_nodes3_seed42 385024 3869
SAC_nodes3_seed42 393216 3953
SAC_nodes3_seed42 401408 4030
Saved E:\project\Synchronize\models\hopfield\revision_comparisons\SAC_nodes3_seed42.zip
