SAC_nodes2_seed1024 8192 42
SAC_nodes2_seed1024 16384 133
SAC_nodes2_seed1024 24576 217
SAC_nodes2_seed1024 32768 299
SAC_nodes2_seed1024 40960 381
SAC_nodes2_seed1024 49152 464
SAC_nodes2_seed1024 57344 554
SAC_nodes2_seed1024 65536 638
SAC_nodes2_seed1024 73728 712
SAC_nodes2_seed1024 81920 783
SAC_nodes2_seed1024 90112 852
SAC_nodes2_seed1024 98304 920
SAC_nodes2_seed1024 106496 992
SAC_nodes2_seed1024 114688 1070
SAC_nodes2_seed1024 122880 1152
SAC_nodes2_seed1024 131072 1238
SAC_nodes2_seed1024 139264 1336
SAC_nodes2_seed1024 147456 1431
SAC_nodes2_seed1024 155648 1522
SAC_nodes2_seed1024 163840 1607
SAC_nodes2_seed1024 172032 1690
SAC_nodes2_seed1024 180224 1772
SAC_nodes2_seed1024 188416 1855
SAC_nodes2_seed1024 196608 1939
SAC_nodes2_seed1024 204800 2024
SAC_nodes2_seed1024 212992 2107
SAC_nodes2_seed1024 221184 2189
SAC_nodes2_seed1024 229376 2265
SAC_nodes2_seed1024 237568 2335
SAC_nodes2_seed1024 245760 2405
SAC_nodes2_seed1024 253952 2475
SAC_nodes2_seed1024 262144 2557
SAC_nodes2_seed1024 270336 2640
SAC_nodes2_seed1024 278528 2721
SAC_nodes2_seed1024 286720 2804
SAC_nodes2_seed1024 294912 2887
SAC_nodes2_seed1024 303104 2969
SAC_nodes2_seed1024 311296 3052
SAC_nodes2_seed1024 319488 3136
SAC_nodes2_seed1024 327680 3220
SAC_nodes2_seed1024 335872 3303
SAC_nodes2_seed1024 344064 3386
SAC_nodes2_seed1024 352256 3470
SAC_nodes2_seed1024 360448 3554
SAC_nodes2_seed1024 368640 3622
SAC_nodes2_seed1024 376832 3679
SAC_nodes2_seed1024 385024 3735
SAC_nodes2_seed1024 393216 3794
SAC_nodes2_seed1024 401408 3845
Saved E:\project\Synchronize\models\hopfield\revision_comparisons\SAC_nodes2_seed1024.zip
