SAC_nodes2_seed42 8192 39
SAC_nodes2_seed42 16384 123
SAC_nodes2_seed42 24576 207
SAC_nodes2_seed42 32768 299
SAC_nodes2_seed42 40960 395
SAC_nodes2_seed42 49152 488
SAC_nodes2_seed42 57344 577
SAC_nodes2_seed42 65536 661
SAC_nodes2_seed42 73728 744
SAC_nodes2_seed42 81920 826
SAC_nodes2_seed42 90112 910
SAC_nodes2_seed42 98304 1002
SAC_nodes2_seed42 106496 1085
SAC_nodes2_seed42 114688 1157
SAC_nodes2_seed42 122880 1228
SAC_nodes2_seed42 131072 1296
SAC_nodes2_seed42 139264 1365
SAC_nodes2_seed42 147456 1439
SAC_nodes2_seed42 155648 1520
SAC_nodes2_seed42 163840 1601
SAC_nodes2_seed42 172032 1692
SAC_nodes2_seed42 180224 1795
SAC_nodes2_seed42 188416 1887
SAC_nodes2_seed42 196608 1977
SAC_nodes2_seed42 204800 2060
SAC_nodes2_seed42 212992 2143
SAC_nodes2_seed42 221184 2227
SAC_nodes2_seed42 229376 2310
SAC_nodes2_seed42 237568 2394
SAC_nodes2_seed42 245760 2478
SAC_nodes2_seed42 253952 2562
SAC_nodes2_seed42 262144 2645
SAC_nodes2_seed42 270336 2718
SAC_nodes2_seed42 278528 2788
SAC_nodes2_seed42 286720 2858
SAC_nodes2_seed42 294912 2932
SAC_nodes2_seed42 303104 3015
SAC_nodes2_seed42 311296 3099
SAC_nodes2_seed42 319488 3181
SAC_nodes2_seed42 327680 3263
SAC_nodes2_seed42 335872 3346
SAC_nodes2_seed42 344064 3429
SAC_nodes2_seed42 352256 3513
SAC_nodes2_seed42 360448 3597
SAC_nodes2_seed42 368640 3681
SAC_nodes2_seed42 376832 3764
SAC_nodes2_seed42 385024 3848
SAC_nodes2_seed42 393216 3932
SAC_nodes2_seed42 401408 4013
Saved E:\project\Synchronize\models\hopfield\revision_comparisons\SAC_nodes2_seed42.zip
