SAC_nodes3_seed1024 8192 31
SAC_nodes3_seed1024 16384 98
SAC_nodes3_seed1024 24576 165
SAC_nodes3_seed1024 32768 243
SAC_nodes3_seed1024 40960 324
SAC_nodes3_seed1024 49152 407
SAC_nodes3_seed1024 57344 501
SAC_nodes3_seed1024 65536 602
SAC_nodes3_seed1024 73728 695
SAC_nodes3_seed1024 81920 781
SAC_nodes3_seed1024 90112 864
SAC_nodes3_seed1024 98304 946
SAC_nodes3_seed1024 106496 1029
SAC_nodes3_seed1024 114688 1112
SAC_nodes3_seed1024 122880 1197
SAC_nodes3_seed1024 131072 1281
SAC_nodes3_seed1024 139264 1364
SAC_nodes3_seed1024 147456 1445
SAC_nodes3_seed1024 155648 1513
SAC_nodes3_seed1024 163840 1581
SAC_nodes3_seed1024 172032 1650
SAC_nodes3_seed1024 180224 1727
SAC_nodes3_seed1024 188416 1810
SAC_nodes3_seed1024 196608 1894
SAC_nodes3_seed1024 204800 1976
SAC_nodes3_seed1024 212992 2059
SAC_nodes3_seed1024 221184 2142
SAC_nodes3_seed1024 229376 2225
SAC_nodes3_seed1024 237568 2310
SAC_nodes3_seed1024 245760 2394
SAC_nodes3_seed1024 253952 2478
SAC_nodes3_seed1024 262144 2563
SAC_nodes3_seed1024 270336 2647
SAC_nodes3_seed1024 278528 2731
SAC_nodes3_seed1024 286720 2807
SAC_nodes3_seed1024 294912 2862
SAC_nodes3_seed1024 303104 2917
SAC_nodes3_seed1024 311296 2976
SAC_nodes3_seed1024 319488 3028
SAC_nodes3_seed1024 327680 3077
SAC_nodes3_seed1024 335872 3114
SAC_nodes3_seed1024 344064 3151
SAC_nodes3_seed1024 352256 3188
SAC_nodes3_seed1024 360448 3223
SAC_nodes3_seed1024 368640 3264
SAC_nodes3_seed1024 376832 3310
SAC_nodes3_seed1024 385024 3359
SAC_nodes3_seed1024 393216 3405
SAC_nodes3_seed1024 401408 3452
Saved E:\project\Synchronize\models\hopfield\revision_comparisons\SAC_nodes3_seed1024.zip
